// Jest Snapshot v1, https://goo.gl/fbAQLP

exports[`env list should return correct environments list 1`] = `
"Wxcloud CLI 2.0.8
{\\"code\\":0,\\"errmsg\\":\\"success\\",\\"data\\":[{\\"Alias\\":\\"test-fisher\\",\\"EnvId\\":\\"test-fisher-8g4lxfcmc4b54f0f\\",\\"CreateTime\\":\\"2021-08-30 19:35:17\\"},{\\"Alias\\":\\"test-haotian\\",\\"EnvId\\":\\"test-haotian-6g03cruyb4101d37\\",\\"CreateTime\\":\\"2022-03-08 21:10:38\\"},{\\"Alias\\":\\"test-nanking\\",\\"EnvId\\":\\"test-nanking-2giy72uye67de253\\",\\"CreateTime\\":\\"2022-04-22 15:40:00\\"},{\\"Alias\\":\\"test-ning\\",\\"EnvId\\":\\"test-ning-5g1axa6h4a3b5fe6\\",\\"CreateTime\\":\\"2022-04-24 14:52:44\\"},{\\"Alias\\":\\"test-darky\\",\\"EnvId\\":\\"test-darky-3g3lrhgqc1817213\\",\\"CreateTime\\":\\"2022-05-09 11:19:26\\"},{\\"Alias\\":\\"test-fisher-standalo\\",\\"EnvId\\":\\"test-fisher-standalo-6b1b22ca3a8\\",\\"CreateTime\\":\\"2022-05-31 10:59:39\\"},{\\"Alias\\":\\"test-goreliu\\",\\"EnvId\\":\\"test-goreliu-1gy3wqrp6e2a1304\\",\\"CreateTime\\":\\"2022-05-31 11:07:38\\"},{\\"Alias\\":\\"test-fisher-main\\",\\"EnvId\\":\\"test-fisher-main-1f7gmsob46aec57\\",\\"CreateTime\\":\\"2022-05-31 15:36:11\\"},{\\"Alias\\":\\"nanatest\\",\\"EnvId\\":\\"nanatest-9gbwi4esb117c59d\\",\\"CreateTime\\":\\"2022-05-31 20:14:12\\"},{\\"Alias\\":\\"switch-backend\\",\\"EnvId\\":\\"switch-backend-1gos6kip81692379\\",\\"CreateTime\\":\\"2022-06-07 16:40:02\\"},{\\"Alias\\":\\"test-hotjar\\",\\"EnvId\\":\\"test-hotjar-2gxy58dre73b58a0\\",\\"CreateTime\\":\\"2022-06-08 13:26:13\\"},{\\"Alias\\":\\"standalone\\",\\"EnvId\\":\\"standalone-0g26eobz39db6ec9\\",\\"CreateTime\\":\\"2022-06-08 19:08:20\\"},{\\"Alias\\":\\"test-leogorliu\\",\\"EnvId\\":\\"test-leogorliu-2gobvr73b6c7c12c\\",\\"CreateTime\\":\\"2022-06-09 10:48:43\\"}]}
"
`;
